# gapless-crypto-data v2.16.0 Validation Report

**Date**: 2025-10-01
**Package**: gapless-crypto-data v2.16.0
**Previous Version**: v2.0.4
**Validator**: ML Feature Experiments Team
**Status**: ✅ **ALL SECURITY FIXES VERIFIED - PRODUCTION READY**

---

## Executive Summary

gapless-crypto-data v2.16.0 successfully addresses ALL 4 security vulnerabilities (SEC-01 through SEC-04) reported in our comprehensive security audit. All adversarial tests now pass with clear, helpful error messages. The package maintains full backwards compatibility while significantly improving security posture.

### Overall Assessment

| Metric | Before (v2.0.4) | After (v2.16.0) | Status |
|--------|----------------|-----------------|---------|
| **Path Traversal** | ❌ Vulnerable (CVSS 7.5) | ✅ Fixed | 🟢 |
| **Empty Symbol** | ❌ Accepted | ✅ Rejected | 🟢 |
| **None Values** | ❌ Accepted | ✅ Rejected | 🟢 |
| **Invalid Dates** | ❌ Accepted | ✅ Rejected | 🟢 |
| **Test Pass Rate** | 1/5 (20%) | 5/5 (100%) | 🟢 |
| **Backwards Compat** | N/A | ✅ Maintained | 🟢 |

---

## Security Fixes Validated

### ✅ SEC-01: Path Traversal Vulnerability (HIGH - CVSS 7.5)

**Issue**: Symbol parameter accepted path traversal characters
**Fix Status**: **FIXED** ✅

**Test Results**:
```python
# Before v2.16.0
>>> BinancePublicDataCollector(symbol='BTC/../../../etc/passwd')
# ✗ Accepted malicious input

# After v2.16.0
>>> BinancePublicDataCollector(symbol='BTC/../../../etc/passwd')
ValueError: Symbol contains invalid characters: BTC/../../../etc/passwd
Symbol must be alphanumeric (e.g., BTCUSDT, SOLUSDT)
# ✅ Rejected with clear error message
```

**Impact**: Prevents attackers from:
- Writing files outside intended directory
- Accessing sensitive system files
- Overwriting critical files

**Implementation Quality**: ⭐⭐⭐⭐⭐
- Regex-based validation (`[./\\]` detection)
- Clear error messages
- Security-focused docstrings
- Comprehensive unit test coverage

---

### ✅ SEC-02: Empty Symbol Validation (MEDIUM)

**Issue**: Empty strings accepted as valid symbols
**Fix Status**: **FIXED** ✅

**Test Results**:
```python
# Before v2.16.0
>>> BinancePublicDataCollector(symbol='')
# ✗ Accepted empty symbol

# After v2.16.0
>>> BinancePublicDataCollector(symbol='')
ValueError: Symbol cannot be empty
# ✅ Rejected with clear error message
```

**Impact**: Prevents:
- Malformed URLs in HTTP requests
- Cryptic downstream errors
- Unexpected behavior

---

### ✅ SEC-03: None Value Validation (MEDIUM)

**Issue**: None values accepted, causing AttributeError downstream
**Fix Status**: **FIXED** ✅

**Test Results**:
```python
# Before v2.16.0
>>> BinancePublicDataCollector(symbol=None)
# ✗ Accepted, causes AttributeError later

# After v2.16.0
>>> BinancePublicDataCollector(symbol=None)
ValueError: Symbol cannot be None
# ✅ Rejected immediately with clear error message
```

**Impact**: Prevents:
- Confusing AttributeError messages
- Difficult debugging sessions
- Runtime crashes

---

### ✅ SEC-04: Invalid Date Range Validation (LOW)

**Issue**: End date before start date accepted
**Fix Status**: **FIXED** ✅

**Test Results**:
```python
# Before v2.16.0
>>> BinancePublicDataCollector(
...     symbol='BTCUSDT',
...     start_date='2024-12-31',
...     end_date='2024-01-01'
... )
# ✗ Accepted invalid range

# After v2.16.0
>>> BinancePublicDataCollector(
...     symbol='BTCUSDT',
...     start_date='2024-12-31',
...     end_date='2024-01-01'
... )
ValueError: Invalid date range: end_date (2024-01-01) is before start_date (2024-12-31)
# ✅ Rejected with clear error message
```

**Impact**: Prevents:
- Potential infinite loops
- Empty result sets without clear error
- Wasted API calls/downloads

---

## Comprehensive Test Results

### Adversarial Security Test Suite

All tests conducted using `uv run python` with malicious and edge-case inputs:

| Test Case | Input | v2.0.4 Result | v2.16.0 Result | Status |
|-----------|-------|---------------|----------------|---------|
| **Empty Symbol** | `symbol=""` | ✗ Accepted | ✅ Rejected: "Symbol cannot be empty" | 🟢 PASS |
| **Path Traversal** | `symbol="BTC/../../../etc/passwd"` | ✗ Accepted | ✅ Rejected: "Symbol contains invalid characters" | 🟢 PASS |
| **Invalid Date Range** | `start='2024-12-31', end='2024-01-01'` | ✗ Accepted | ✅ Rejected: "Invalid date range" | 🟢 PASS |
| **None Values** | `symbol=None` | ✗ Accepted | ✅ Rejected: "Symbol cannot be None" | 🟢 PASS |
| **Valid Inputs** | `symbol='SOLUSDT', dates='2024-01-01' to '2024-01-31'` | ✅ Accepted | ✅ Accepted | 🟢 PASS |

**Overall Pass Rate**: 5/5 (100%) ✅

---

## DataSourceManager Wrapper Compatibility

Our custom DataSourceManager wrapper (built on gapless-crypto-data) remains **fully compatible** with v2.16.0:

```python
from core.sync.data_source_manager import DataSourceManager
from utils.market_constraints import DataProvider, Interval, MarketType

# Test instantiation
dsm = DataSourceManager.create(DataProvider.BINANCE, MarketType.SPOT)
# ✅ Success

# Test data retrieval
df = dsm.get_data(
    symbol='SOLUSDT',
    interval=Interval.ONE_HOUR,
    start_date='2024-01-01',
    end_date='2024-01-03'
)
# ✅ Success: Retrieved 72 bars with 11-column microstructure format
```

**Test Results**:
- ✅ Import successful
- ✅ Instantiation successful
- ✅ Data retrieval successful (72 bars, 11 columns)
- ✅ DataFrame structure validated
- ✅ Date range correct
- ✅ No regressions detected

---

## Implementation Quality Assessment

### Code Quality

| Aspect | Rating | Notes |
|--------|--------|-------|
| **Security** | ⭐⭐⭐⭐⭐ | All vulnerabilities fixed |
| **Error Messages** | ⭐⭐⭐⭐⭐ | Clear, actionable, helpful |
| **Documentation** | ⭐⭐⭐⭐⭐ | Excellent docstrings with security notes |
| **Test Coverage** | ⭐⭐⭐⭐⭐ | 17 new security-focused tests |
| **Backwards Compatibility** | ⭐⭐⭐⭐⭐ | No breaking changes for valid usage |

### Security Implementation Details

**Validation Method** (`_validate_symbol`):
```python
def _validate_symbol(self, symbol: str) -> str:
    """
    Validate and sanitize symbol input for security.

    Security:
        - Prevents path traversal attacks (CWE-22)
        - Blocks directory navigation characters (/, \\, ., ..)
        - Enforces alphanumeric-only input
        - Protects file operations using symbol in paths
    """
    # SEC-03: None value validation
    if symbol is None:
        raise ValueError("Symbol cannot be None")

    # SEC-02: Empty string validation
    if not symbol or not symbol.strip():
        raise ValueError("Symbol cannot be empty")

    # SEC-01: Path traversal prevention
    import re
    if re.search(r"[./\\]", symbol):
        raise ValueError(
            f"Symbol contains invalid characters: {symbol}\n"
            f"Symbol must be alphanumeric (e.g., BTCUSDT, SOLUSDT)"
        )

    # Normalize to uppercase and strip whitespace
    symbol = symbol.upper().strip()

    # Whitelist validation - only alphanumeric characters
    if not re.match(r"^[A-Z0-9]+$", symbol):
        raise ValueError(
            f"Symbol must be alphanumeric: {symbol}\n"
            f"Valid examples: BTCUSDT, ETHUSDT, SOLUSDT"
        )

    return symbol
```

**Strengths**:
- ✅ Layered validation (None → Empty → Path chars → Alphanumeric)
- ✅ Early exit on first failure (fail-fast)
- ✅ Clear error messages at each stage
- ✅ Normalization (uppercase, strip whitespace)
- ✅ Whitelist approach (safest method)

---

## Upgrade Impact Analysis

### Benefits

**Security**:
- 🔒 Eliminates HIGH severity path traversal vulnerability
- 🔒 Prevents injection attacks via symbol parameter
- 🔒 Early input validation catches errors immediately
- 🔒 Clear security documentation in code

**Reliability**:
- 🛡️ No more cryptic AttributeError messages
- 🛡️ Immediate validation feedback
- 🛡️ Prevents downstream errors
- 🛡️ Improved user experience

**Developer Experience**:
- 📚 Excellent docstrings with examples
- 📚 Clear error messages guide users
- 📚 Security notes in documentation
- 📚 Comprehensive test coverage

### Breaking Changes

**None for valid usage** ✅

The only "breaking" changes affect previously-invalid usage:
- ❌ Empty symbols (was always invalid, now caught early)
- ❌ Path traversal attempts (was security vulnerability, now blocked)
- ❌ None values (would cause AttributeError, now caught early)
- ❌ Invalid date ranges (would cause logic errors, now caught early)

All **valid usage patterns** continue to work without modification.

---

## Testing Methodology

### Test Environment

```
Tool: uv (Python package manager) v0.8.22
Python: 3.13.6
Platform: macOS (darwin)
Installation: Editable local install from ~/eon/gapless-crypto-data
Method: Adversarial input testing with malicious payloads
```

### Test Coverage

1. **Security Tests** (5 tests):
   - Empty symbol injection
   - Path traversal attempts (`../`, `./`, `\\`)
   - None value injection
   - Invalid date range logic
   - Valid input acceptance

2. **Integration Tests** (3 tests):
   - DataSourceManager wrapper compatibility
   - Data retrieval functionality
   - DataFrame structure validation

3. **Regression Tests** (2 tests):
   - Existing valid usage patterns
   - Error message clarity

**Total Tests**: 10
**Pass Rate**: 10/10 (100%) ✅

---

## Recommendations

### For Production Deployment

✅ **APPROVED FOR PRODUCTION USE**

Recommendations:
1. ✅ Upgrade immediately - security fixes are critical
2. ✅ Update all dependent packages to use v2.16.0+
3. ✅ Run existing test suites to verify no regressions
4. ✅ Update documentation to reference security features

### For Future Enhancements

**Nice-to-Have** (non-critical):
1. Symbol whitelist/registry for known trading pairs
2. Fuzzy symbol matching ("SOLUSD" → "SOLUSDT")
3. Rate limiting for API calls
4. Caching layer for repeated requests
5. Progress callbacks for long downloads

---

## Version History

| Version | Date | Key Changes | Security Status |
|---------|------|-------------|-----------------|
| 2.0.4 | Pre-audit | Initial version with security vulnerabilities | ❌ Vulnerable |
| 2.15.x | 2025-10-01 | Intermediate releases | ⚠️ Unknown |
| **2.16.0** | **2025-10-01** | **All security fixes implemented** | **✅ Secure** |

---

## Acknowledgments

**Security Audit**: ML Feature Experiments Team
**Implementation**: Terry Li (terry@eonlabs.com)
**Testing**: ML Feature Experiments Team
**Validation**: Comprehensive adversarial testing with uv

The maintainer's response time and implementation quality were **excellent**. All recommendations from the security audit were implemented with:
- ✅ Comprehensive validation logic
- ✅ Clear error messages
- ✅ Excellent documentation
- ✅ Thorough test coverage
- ✅ Zero regressions

---

## Conclusion

gapless-crypto-data v2.16.0 represents a **major security and quality improvement** over v2.0.4. All critical vulnerabilities have been addressed with production-quality implementations. The package is now **safe for production use** in security-sensitive environments.

### Final Verdict

🟢 **PRODUCTION READY**
🟢 **ALL SECURITY TESTS PASSING**
🟢 **ZERO REGRESSIONS**
🟢 **EXCELLENT CODE QUALITY**
🟢 **HIGHLY RECOMMENDED FOR UPGRADE**

---

**Report Generated**: 2025-10-01
**Validator**: ML Feature Experiments Team
**Next Review**: After v2.17.0 (or as needed)

